[29-Jul-2023 09:48:50 Europe/Berlin] PHP Fatal error:  Uncaught TypeError: UserDAO::getUser(): Return value must be of type User, bool returned in C:\temp\PHP\Project\CSIS3280_PROJECT\inc\Utility\UserDAO.class.php:64
Stack trace:
#0 C:\temp\PHP\Project\CSIS3280_PROJECT\main.php(40): UserDAO::getUser('adminadm')
#1 {main}
  thrown in C:\temp\PHP\Project\CSIS3280_PROJECT\inc\Utility\UserDAO.class.php on line 64
[29-Jul-2023 09:54:20 Europe/Berlin] PHP Warning:  session_destroy(): Trying to destroy uninitialized session in C:\temp\PHP\Project\CSIS3280_PROJECT\inc\Utility\LoginManager.class.php on line 19
[29-Jul-2023 09:54:20 Europe/Berlin] PHP Stack trace:
[29-Jul-2023 09:54:20 Europe/Berlin] PHP   1. {main}() C:\temp\PHP\Project\CSIS3280_PROJECT\main.php:0
[29-Jul-2023 09:54:20 Europe/Berlin] PHP   2. homePage::navBar() C:\temp\PHP\Project\CSIS3280_PROJECT\main.php:192
[29-Jul-2023 09:54:20 Europe/Berlin] PHP   3. LoginManager::verifyLogin() C:\temp\PHP\Project\CSIS3280_PROJECT\inc\Entity\homePage.class.php:47
[29-Jul-2023 09:54:20 Europe/Berlin] PHP   4. session_destroy() C:\temp\PHP\Project\CSIS3280_PROJECT\inc\Utility\LoginManager.class.php:19
[29-Jul-2023 09:54:39 Europe/Berlin] PHP Warning:  session_destroy(): Trying to destroy uninitialized session in C:\temp\PHP\Project\CSIS3280_PROJECT\inc\Utility\LoginManager.class.php on line 19
[29-Jul-2023 09:54:39 Europe/Berlin] PHP Stack trace:
[29-Jul-2023 09:54:39 Europe/Berlin] PHP   1. {main}() C:\temp\PHP\Project\CSIS3280_PROJECT\main.php:0
[29-Jul-2023 09:54:39 Europe/Berlin] PHP   2. homePage::navBar() C:\temp\PHP\Project\CSIS3280_PROJECT\main.php:192
[29-Jul-2023 09:54:39 Europe/Berlin] PHP   3. LoginManager::verifyLogin() C:\temp\PHP\Project\CSIS3280_PROJECT\inc\Entity\homePage.class.php:47
[29-Jul-2023 09:54:39 Europe/Berlin] PHP   4. session_destroy() C:\temp\PHP\Project\CSIS3280_PROJECT\inc\Utility\LoginManager.class.php:19
[29-Jul-2023 10:20:27 Europe/Berlin] PHP Fatal error:  Uncaught Error: Call to undefined method loginPage::invalidLogin() in C:\temp\PHP\Project\CSIS3280_PROJECT\main.php:120
Stack trace:
#0 {main}
  thrown in C:\temp\PHP\Project\CSIS3280_PROJECT\main.php on line 120
[29-Jul-2023 10:23:05 Europe/Berlin] PHP Fatal error:  Uncaught ArgumentCountError: Too few arguments to function loginPage::loginForm(), 0 passed in C:\temp\PHP\Project\CSIS3280_PROJECT\main.php on line 120 and exactly 1 expected in C:\temp\PHP\Project\CSIS3280_PROJECT\inc\Entity\loginPage.class.php:59
Stack trace:
#0 C:\temp\PHP\Project\CSIS3280_PROJECT\main.php(120): loginPage::loginForm()
#1 {main}
  thrown in C:\temp\PHP\Project\CSIS3280_PROJECT\inc\Entity\loginPage.class.php on line 59
[29-Jul-2023 10:34:15 Europe/Berlin] PHP Warning:  Undefined array key "registered" in C:\temp\PHP\Project\CSIS3280_PROJECT\main.php on line 53
[29-Jul-2023 10:34:15 Europe/Berlin] PHP Stack trace:
[29-Jul-2023 10:34:15 Europe/Berlin] PHP   1. {main}() C:\temp\PHP\Project\CSIS3280_PROJECT\main.php:0
[29-Jul-2023 10:34:25 Europe/Berlin] PHP Warning:  Undefined array key "registered" in C:\temp\PHP\Project\CSIS3280_PROJECT\main.php on line 53
[29-Jul-2023 10:34:25 Europe/Berlin] PHP Stack trace:
[29-Jul-2023 10:34:25 Europe/Berlin] PHP   1. {main}() C:\temp\PHP\Project\CSIS3280_PROJECT\main.php:0
[30-Jul-2023 09:00:57 Europe/Berlin] PHP Fatal error:  Uncaught PDOException: SQLSTATE[23000]: Integrity constraint violation: 1452 Cannot add or update a child row: a foreign key constraint fails (`bookstore`.`users`, CONSTRAINT `users_ibfk_1` FOREIGN KEY (`CurrentCart`) REFERENCES `books` (`ISBN`)) in C:\temp\PHP\Project\CSIS3280_PROJECT\inc\Utility\PDOAgent.class.php:80
Stack trace:
#0 C:\temp\PHP\Project\CSIS3280_PROJECT\inc\Utility\PDOAgent.class.php(80): PDOStatement->execute()
#1 C:\temp\PHP\Project\CSIS3280_PROJECT\inc\Utility\UserDAO.class.php(33): PDOAgent->execute()
#2 C:\temp\PHP\Project\CSIS3280_PROJECT\main.php(78): UserDAO::createUser(Object(User))
#3 {main}
  thrown in C:\temp\PHP\Project\CSIS3280_PROJECT\inc\Utility\PDOAgent.class.php on line 80
[30-Jul-2023 09:02:55 Europe/Berlin] PHP Warning:  Undefined array key "loggedin" in C:\temp\PHP\Project\CSIS3280_PROJECT\main.php on line 139
[30-Jul-2023 09:02:55 Europe/Berlin] PHP Stack trace:
[30-Jul-2023 09:02:55 Europe/Berlin] PHP   1. {main}() C:\temp\PHP\Project\CSIS3280_PROJECT\main.php:0
[30-Jul-2023 09:02:55 Europe/Berlin] PHP Fatal error:  Uncaught Error: Call to a member function getFirstName() on null in C:\temp\PHP\Project\CSIS3280_PROJECT\inc\Entity\myAccountPage.class.php:65
Stack trace:
#0 C:\temp\PHP\Project\CSIS3280_PROJECT\main.php(142): myAccountPage::userInfo(NULL)
#1 {main}
  thrown in C:\temp\PHP\Project\CSIS3280_PROJECT\inc\Entity\myAccountPage.class.php on line 65
[30-Jul-2023 09:14:04 Europe/Berlin] PHP Fatal error:  Uncaught Error: Call to a member function getFirstName() on null in C:\temp\PHP\Project\CSIS3280_PROJECT\inc\Entity\myAccountPage.class.php:65
Stack trace:
#0 C:\temp\PHP\Project\CSIS3280_PROJECT\main.php(143): myAccountPage::userInfo(NULL)
#1 {main}
  thrown in C:\temp\PHP\Project\CSIS3280_PROJECT\inc\Entity\myAccountPage.class.php on line 65
[30-Jul-2023 09:14:14 Europe/Berlin] PHP Fatal error:  Uncaught Error: Call to a member function getFirstName() on null in C:\temp\PHP\Project\CSIS3280_PROJECT\inc\Entity\myAccountPage.class.php:65
Stack trace:
#0 C:\temp\PHP\Project\CSIS3280_PROJECT\main.php(143): myAccountPage::userInfo(NULL)
#1 {main}
  thrown in C:\temp\PHP\Project\CSIS3280_PROJECT\inc\Entity\myAccountPage.class.php on line 65
[30-Jul-2023 09:59:57 Europe/Berlin] PHP Warning:  require_once(inc/Entity/myCart.class.php): Failed to open stream: No such file or directory in C:\temp\PHP\Project\CSIS3280_PROJECT\main.php on line 17
[30-Jul-2023 09:59:57 Europe/Berlin] PHP Stack trace:
[30-Jul-2023 09:59:57 Europe/Berlin] PHP   1. {main}() C:\temp\PHP\Project\CSIS3280_PROJECT\main.php:0
[30-Jul-2023 09:59:57 Europe/Berlin] PHP Fatal error:  Uncaught Error: Failed opening required 'inc/Entity/myCart.class.php' (include_path='C:\xampp\php\PEAR') in C:\temp\PHP\Project\CSIS3280_PROJECT\main.php:17
Stack trace:
#0 {main}
  thrown in C:\temp\PHP\Project\CSIS3280_PROJECT\main.php on line 17
[30-Jul-2023 10:17:40 Europe/Berlin] PHP Fatal error:  Uncaught TypeError: BookDAO::getBook(): Return value must be of type Book, bool returned in C:\temp\PHP\Project\CSIS3280_PROJECT\inc\Utility\BookDAO.class.php:96
Stack trace:
#0 C:\temp\PHP\Project\CSIS3280_PROJECT\inc\Entity\myCartPage.class.php(66): BookDAO::getBook('')
#1 C:\temp\PHP\Project\CSIS3280_PROJECT\main.php(173): myCartPage::bookList(Array)
#2 {main}
  thrown in C:\temp\PHP\Project\CSIS3280_PROJECT\inc\Utility\BookDAO.class.php on line 96
[30-Jul-2023 10:19:40 Europe/Berlin] PHP Fatal error:  Uncaught TypeError: BookDAO::getBook(): Return value must be of type Book, bool returned in C:\temp\PHP\Project\CSIS3280_PROJECT\inc\Utility\BookDAO.class.php:96
Stack trace:
#0 C:\temp\PHP\Project\CSIS3280_PROJECT\inc\Entity\myCartPage.class.php(67): BookDAO::getBook('')
#1 C:\temp\PHP\Project\CSIS3280_PROJECT\main.php(173): myCartPage::bookList(Array)
#2 {main}
  thrown in C:\temp\PHP\Project\CSIS3280_PROJECT\inc\Utility\BookDAO.class.php on line 96
[30-Jul-2023 10:36:54 Europe/Berlin] PHP Fatal error:  Uncaught TypeError: UserDAO::selectCurrentCart(): Return value must be of type int, User returned in C:\temp\PHP\Project\CSIS3280_PROJECT\inc\Utility\UserDAO.class.php:132
Stack trace:
#0 C:\temp\PHP\Project\CSIS3280_PROJECT\main.php(171): UserDAO::selectCurrentCart('admin@admin.com')
#1 {main}
  thrown in C:\temp\PHP\Project\CSIS3280_PROJECT\inc\Utility\UserDAO.class.php on line 132
[30-Jul-2023 10:37:12 Europe/Berlin] PHP Fatal error:  Uncaught TypeError: UserDAO::selectCurrentCart(): Return value must be of type string, User returned in C:\temp\PHP\Project\CSIS3280_PROJECT\inc\Utility\UserDAO.class.php:132
Stack trace:
#0 C:\temp\PHP\Project\CSIS3280_PROJECT\main.php(171): UserDAO::selectCurrentCart('admin@admin.com')
#1 {main}
  thrown in C:\temp\PHP\Project\CSIS3280_PROJECT\inc\Utility\UserDAO.class.php on line 132
[30-Jul-2023 10:39:20 Europe/Berlin] PHP Fatal error:  Uncaught TypeError: UserDAO::selectCurrentCart(): Return value must be of type string, array returned in C:\temp\PHP\Project\CSIS3280_PROJECT\inc\Utility\UserDAO.class.php:132
Stack trace:
#0 C:\temp\PHP\Project\CSIS3280_PROJECT\main.php(171): UserDAO::selectCurrentCart('admin@admin.com')
#1 {main}
  thrown in C:\temp\PHP\Project\CSIS3280_PROJECT\inc\Utility\UserDAO.class.php on line 132
[30-Jul-2023 10:39:51 Europe/Berlin] PHP Fatal error:  Uncaught TypeError: UserDAO::selectCurrentCart(): Return value must be of type string, User returned in C:\temp\PHP\Project\CSIS3280_PROJECT\inc\Utility\UserDAO.class.php:132
Stack trace:
#0 C:\temp\PHP\Project\CSIS3280_PROJECT\main.php(171): UserDAO::selectCurrentCart('admin@admin.com')
#1 {main}
  thrown in C:\temp\PHP\Project\CSIS3280_PROJECT\inc\Utility\UserDAO.class.php on line 132
[30-Jul-2023 10:44:25 Europe/Berlin] PHP Fatal error:  Uncaught TypeError: BookDAO::getBook(): Return value must be of type Book, bool returned in C:\temp\PHP\Project\CSIS3280_PROJECT\inc\Utility\BookDAO.class.php:96
Stack trace:
#0 C:\temp\PHP\Project\CSIS3280_PROJECT\inc\Entity\myCartPage.class.php(67): BookDAO::getBook('')
#1 C:\temp\PHP\Project\CSIS3280_PROJECT\main.php(174): myCartPage::bookList(Array)
#2 {main}
  thrown in C:\temp\PHP\Project\CSIS3280_PROJECT\inc\Utility\BookDAO.class.php on line 96
[30-Jul-2023 10:44:36 Europe/Berlin] PHP Fatal error:  Uncaught TypeError: BookDAO::getBook(): Return value must be of type Book, bool returned in C:\temp\PHP\Project\CSIS3280_PROJECT\inc\Utility\BookDAO.class.php:96
Stack trace:
#0 C:\temp\PHP\Project\CSIS3280_PROJECT\inc\Entity\myCartPage.class.php(67): BookDAO::getBook('')
#1 C:\temp\PHP\Project\CSIS3280_PROJECT\main.php(174): myCartPage::bookList(Array)
#2 {main}
  thrown in C:\temp\PHP\Project\CSIS3280_PROJECT\inc\Utility\BookDAO.class.php on line 96
[30-Jul-2023 12:59:34 Europe/Berlin] PHP Fatal error:  Uncaught PDOException: SQLSTATE[HY093]: Invalid parameter number: parameter was not defined in C:\temp\PHP\Project\CSIS3280_PROJECT\inc\Utility\PDOAgent.class.php:80
Stack trace:
#0 C:\temp\PHP\Project\CSIS3280_PROJECT\inc\Utility\PDOAgent.class.php(80): PDOStatement->execute()
#1 C:\temp\PHP\Project\CSIS3280_PROJECT\inc\Utility\BookDAO.class.php(186): PDOAgent->execute()
#2 C:\temp\PHP\Project\CSIS3280_PROJECT\main.php(108): BookDAO::updateBookPurchase(Object(Book))
#3 {main}
  thrown in C:\temp\PHP\Project\CSIS3280_PROJECT\inc\Utility\PDOAgent.class.php on line 80
[31-Jul-2023 09:04:34 Europe/Berlin] PHP Warning:  Undefined array key "loggedin" in C:\temp\Project\CSIS3280_PROJECT\main.php on line 196
[31-Jul-2023 09:04:34 Europe/Berlin] PHP Fatal error:  Uncaught Error: Call to a member function getCurrentCart() on null in C:\temp\Project\CSIS3280_PROJECT\main.php:197
Stack trace:
#0 {main}
  thrown in C:\temp\Project\CSIS3280_PROJECT\main.php on line 197
[31-Jul-2023 09:09:10 Europe/Berlin] PHP Warning:  Undefined array key "loggedin" in C:\temp\Project\CSIS3280_PROJECT\main.php on line 196
[31-Jul-2023 09:09:10 Europe/Berlin] PHP Fatal error:  Uncaught Error: Call to a member function getCurrentCart() on null in C:\temp\Project\CSIS3280_PROJECT\main.php:197
Stack trace:
#0 {main}
  thrown in C:\temp\Project\CSIS3280_PROJECT\main.php on line 197
[31-Jul-2023 09:58:08 Europe/Berlin] PHP Fatal error:  Uncaught PDOException: SQLSTATE[42S22]: Column not found: 1054 Unknown column 'Availabilty' in 'where clause' in C:\temp\Project\CSIS3280_PROJECT\inc\Utility\PDOAgent.class.php:80
Stack trace:
#0 C:\temp\Project\CSIS3280_PROJECT\inc\Utility\PDOAgent.class.php(80): PDOStatement->execute()
#1 C:\temp\Project\CSIS3280_PROJECT\inc\Utility\BookDAO.class.php(82): PDOAgent->execute()
#2 C:\temp\Project\CSIS3280_PROJECT\inc\Entity\homePage.class.php(64): BookDAO::getAvailableBooks()
#3 C:\temp\Project\CSIS3280_PROJECT\main.php(138): homePage::searchBar()
#4 {main}
  thrown in C:\temp\Project\CSIS3280_PROJECT\inc\Utility\PDOAgent.class.php on line 80
[31-Jul-2023 21:14:40 Europe/Berlin] PHP Fatal error:  Uncaught Error: Call to a member function prepare() on null in C:\Temp\Project\CSIS3280_PROJECT\inc\Utility\PDOAgent.class.php:54
Stack trace:
#0 C:\Temp\Project\CSIS3280_PROJECT\inc\Utility\BookDAO.class.php(59): PDOAgent->query('SELECT * FROM B...')
#1 C:\Temp\Project\CSIS3280_PROJECT\main.php(34): BookDAO::getBooks()
#2 {main}
  thrown in C:\Temp\Project\CSIS3280_PROJECT\inc\Utility\PDOAgent.class.php on line 54
[31-Jul-2023 21:39:10 Europe/Berlin] PHP Fatal error:  Uncaught TypeError: Book::getInCart(): Return value must be of type bool, null returned in C:\Temp\Project\CSIS3280_PROJECT\inc\Entity\Book.class.php:101
Stack trace:
#0 C:\Temp\Project\CSIS3280_PROJECT\inc\Entity\bookDetailPage.class.php(109): Book->getInCart()
#1 C:\Temp\Project\CSIS3280_PROJECT\main.php(180): bookDetailPage::bookDetail(Object(Book))
#2 {main}
  thrown in C:\Temp\Project\CSIS3280_PROJECT\inc\Entity\Book.class.php on line 101
[31-Jul-2023 21:58:25 Europe/Berlin] PHP Warning:  session_start(): Session cannot be started after headers have already been sent in C:\Temp\Project\CSIS3280_PROJECT\inc\Utility\LoginManager.class.php on line 10
[31-Jul-2023 21:58:25 Europe/Berlin] PHP Stack trace:
[31-Jul-2023 21:58:25 Europe/Berlin] PHP   1. {main}() C:\Temp\Project\CSIS3280_PROJECT\main.php:0
[31-Jul-2023 21:58:25 Europe/Berlin] PHP   2. homePage::navBar() C:\Temp\Project\CSIS3280_PROJECT\main.php:309
[31-Jul-2023 21:58:25 Europe/Berlin] PHP   3. LoginManager::verifyLogin() C:\Temp\Project\CSIS3280_PROJECT\inc\Entity\homePage.class.php:48
[31-Jul-2023 21:58:25 Europe/Berlin] PHP   4. session_start() C:\Temp\Project\CSIS3280_PROJECT\inc\Utility\LoginManager.class.php:10
[31-Jul-2023 21:58:25 Europe/Berlin] PHP Warning:  session_destroy(): Trying to destroy uninitialized session in C:\Temp\Project\CSIS3280_PROJECT\inc\Utility\LoginManager.class.php on line 19
[31-Jul-2023 21:58:25 Europe/Berlin] PHP Stack trace:
[31-Jul-2023 21:58:25 Europe/Berlin] PHP   1. {main}() C:\Temp\Project\CSIS3280_PROJECT\main.php:0
[31-Jul-2023 21:58:25 Europe/Berlin] PHP   2. homePage::navBar() C:\Temp\Project\CSIS3280_PROJECT\main.php:309
[31-Jul-2023 21:58:25 Europe/Berlin] PHP   3. LoginManager::verifyLogin() C:\Temp\Project\CSIS3280_PROJECT\inc\Entity\homePage.class.php:48
[31-Jul-2023 21:58:25 Europe/Berlin] PHP   4. session_destroy() C:\Temp\Project\CSIS3280_PROJECT\inc\Utility\LoginManager.class.php:19
[31-Jul-2023 21:58:38 Europe/Berlin] PHP Warning:  session_start(): Session cannot be started after headers have already been sent in C:\Temp\Project\CSIS3280_PROJECT\inc\Utility\LoginManager.class.php on line 10
[31-Jul-2023 21:58:38 Europe/Berlin] PHP Stack trace:
[31-Jul-2023 21:58:38 Europe/Berlin] PHP   1. {main}() C:\Temp\Project\CSIS3280_PROJECT\main.php:0
[31-Jul-2023 21:58:38 Europe/Berlin] PHP   2. homePage::navBar() C:\Temp\Project\CSIS3280_PROJECT\main.php:309
[31-Jul-2023 21:58:38 Europe/Berlin] PHP   3. LoginManager::verifyLogin() C:\Temp\Project\CSIS3280_PROJECT\inc\Entity\homePage.class.php:48
[31-Jul-2023 21:58:38 Europe/Berlin] PHP   4. session_start() C:\Temp\Project\CSIS3280_PROJECT\inc\Utility\LoginManager.class.php:10
[31-Jul-2023 21:58:38 Europe/Berlin] PHP Warning:  session_destroy(): Trying to destroy uninitialized session in C:\Temp\Project\CSIS3280_PROJECT\inc\Utility\LoginManager.class.php on line 19
[31-Jul-2023 21:58:38 Europe/Berlin] PHP Stack trace:
[31-Jul-2023 21:58:38 Europe/Berlin] PHP   1. {main}() C:\Temp\Project\CSIS3280_PROJECT\main.php:0
[31-Jul-2023 21:58:38 Europe/Berlin] PHP   2. homePage::navBar() C:\Temp\Project\CSIS3280_PROJECT\main.php:309
[31-Jul-2023 21:58:38 Europe/Berlin] PHP   3. LoginManager::verifyLogin() C:\Temp\Project\CSIS3280_PROJECT\inc\Entity\homePage.class.php:48
[31-Jul-2023 21:58:38 Europe/Berlin] PHP   4. session_destroy() C:\Temp\Project\CSIS3280_PROJECT\inc\Utility\LoginManager.class.php:19
